
> frontend@0.1.0 build
> next build

Γû▓ Next.js 16.1.6 (Turbopack)
- Environments: .env.local

  Creating an optimized production build ...
node.exe : 
At line:1 char:1
+ & "D:\/node.exe" "C
:\Users\Lenovo\AppDat
a\Roaming\npm/node_mo
dules/np ...
+ ~~~~~~~~~~~~~~~~~~~
~~~~~~~~~~~~~~~~~~~~~
~~~~~~~~~~~~~~~~~~~~~
~~~~~~~~
    + CategoryInfo   
           : NotSpe  
  cified: (:String   
 ) [], RemoteExce    
ption
    + FullyQualified 
   ErrorId : Native  
  CommandError
 
> Build error 
occurred
Error: Turbopack 
build failed with 1 
errors:
./src/components/ui/s
onner.tsx:3:1
Module not found: 
Can't resolve 
'next-themes'
[0m [90m 1 |[39m 
[32m"use client"[39
m[33m;[39m
 [90m 2 |[39m
[31m[1m>[22m[39m
[90m 3 |[39m 
[36mimport[39m { 
useTheme } 
[36mfrom[39m [32m"
next-themes"[39m[33
m;[39m
 [90m   |[39m [31m
[1m^[22m[39m[31m
[1m^[22m[39m[31m[
1m^[22m[39m[31m[1
m^[22m[39m[31m[1m
^[22m[39m[31m[1m^
[22m[39m[31m[1m^
[22m[39m[31m[1m^[
22m[39m[31m[1m^[2
2m[39m[31m[1m^[22
m[39m[31m[1m^[22m
[39m[31m[1m^[22m
[39m[31m[1m^[22m[
39m[31m[1m^[22m[3
9m[31m[1m^[22m[39
m[31m[1m^[22m[39m
[31m[1m^[22m[39m
[31m[1m^[22m[39m[
31m[1m^[22m[39m[3
1m[1m^[22m[39m[31
m[1m^[22m[39m[31m
[1m^[22m[39m[31m
[1m^[22m[39m[31m[
1m^[22m[39m[31m[1
m^[22m[39m[31m[1m
^[22m[39m[31m[1m^
[22m[39m[31m[1m^
[22m[39m[31m[1m^[
22m[39m[31m[1m^[2
2m[39m[31m[1m^[22
m[39m[31m[1m^[22m
[39m[31m[1m^[22m
[39m[31m[1m^[22m[
39m[31m[1m^[22m[3
9m[31m[1m^[22m[39
m[31m[1m^[22m[39m
[31m[1m^[22m[39m
[31m[1m^[22m[39m
 [90m 4 |[39m 
[36mimport[39m { 
[33mToaster[39m 
[36mas[39m [33mSon
ner[39m[33m,[39m 
[33mToasterProps[39m
 } [36mfrom[39m [3
2m"sonner"[39m[33m;
[39m
 [90m 5 |[39m
 [90m 6 |[39m 
[36mconst[39m 
[33mToaster[39m 
[33m=[39m ({ 
[33m...[39mprops 
}[33m:[39m [33mToa
sterProps[39m) 
[33m=>[39m {[0m



Import traces:
  Client Component 
Browser:
    ./src/components/
ui/sonner.tsx 
[Client Component 
Browser]
    
./src/app/page.tsx 
[Client Component 
Browser]
    
./src/app/page.tsx 
[Server Component]

  Client Component 
SSR:
    ./src/components/
ui/sonner.tsx 
[Client Component 
SSR]
    
./src/app/page.tsx 
[Client Component 
SSR]
    
./src/app/page.tsx 
[Server Component]

https://nextjs.org/do
cs/messages/module-no
t-found


    at <unknown> (./s
rc/components/ui/sonn
er.tsx:3:1)
    at <unknown> (htt
ps://nextjs.org/docs/
messages/module-not-f
ound)
