src/components/journal/JournalCalendar.tsx(10,35): error TS7031: Binding element 'entries' implicitly has an 'any' type.
src/components/journal/JournalCalendar.tsx(21,27): error TS7006: Parameter 'day' implicitly has an 'any' type.
src/components/journal/JournalCalendar.tsx(22,25): error TS7006: Parameter 'entry' implicitly has an 'any' type.
src/components/journal/JournalCalendar.tsx(25,25): error TS7006: Parameter 'mood' implicitly has an 'any' type.
src/components/journal/JournalCalendar.tsx(33,27): error TS7006: Parameter 'day' implicitly has an 'any' type.
src/components/journal/JournalCalendar.tsx(131,50): error TS2339: Property 'date' does not exist on type 'never'.
src/components/journal/JournalCalendar.tsx(140,38): error TS2339: Property 'pulse' does not exist on type 'never'.
src/components/journal/JournalCalendar.tsx(146,38): error TS2339: Property 'pulse' does not exist on type 'never'.
src/components/journal/JournalCalendar.tsx(151,33): error TS2339: Property 'context' does not exist on type 'never'.
src/components/journal/JournalCalendar.tsx(151,82): error TS2339: Property 'context' does not exist on type 'never'.
src/components/journal/JournalCalendar.tsx(155,38): error TS2339: Property 'context' does not exist on type 'never'.
src/components/journal/JournalCalendar.tsx(155,62): error TS7006: Parameter 'activity' implicitly has an 'any' type.
src/components/journal/JournalCalendar.tsx(160,38): error TS2339: Property 'context' does not exist on type 'never'.
src/components/journal/JournalCalendar.tsx(160,58): error TS7006: Parameter 'person' implicitly has an 'any' type.
src/components/journal/JournalCalendar.tsx(169,32): error TS2339: Property 'content' does not exist on type 'never'.
src/components/journal/JournalCalendar.tsx(173,38): error TS2339: Property 'content' does not exist on type 'never'.
src/components/journal/JournalCalendar.tsx(178,32): error TS2339: Property 'deepDiveResponses' does not exist on type 'never'.
src/components/journal/JournalCalendar.tsx(178,67): error TS2339: Property 'deepDiveResponses' does not exist on type 'never'.
src/components/journal/JournalCalendar.tsx(181,36): error TS2339: Property 'deepDiveResponses' does not exist on type 'never'.
src/components/journal/JournalCalendar.tsx(181,59): error TS7006: Parameter 'response' implicitly has an 'any' type.
src/components/journal/JournalCalendar.tsx(181,69): error TS7006: Parameter 'idx' implicitly has an 'any' type.
src/components/ui/calendar.tsx(63,9): error TS2353: Object literal may only specify known properties, and 'IconLeft' does not exist in type 'Partial<CustomComponents>'.
src/components/ui/calendar.tsx(63,22): error TS7031: Binding element 'className' implicitly has an 'any' type.
src/components/ui/calendar.tsx(66,23): error TS7031: Binding element 'className' implicitly has an 'any' type.
src/components/ui/carousel.tsx(6,8): error TS2307: Cannot find module 'embla-carousel-react' or its corresponding type declarations.
src/components/ui/chart.tsx(109,3): error TS2339: Property 'payload' does not exist on type 'Omit<Props<ValueType, NameType>, PropertiesReadFromContext> & { active?: boolean | undefined; allowEscapeViewBox?: AllowInDimension | undefined; ... 24 more ...; wrapperStyle?: CSSProperties | undefined; } & ClassAttributes<...> & HTMLAttributes<...> & { ...; }'.
src/components/ui/chart.tsx(114,3): error TS2339: Property 'label' does not exist on type 'Omit<Props<ValueType, NameType>, PropertiesReadFromContext> & { active?: boolean | undefined; allowEscapeViewBox?: AllowInDimension | undefined; ... 24 more ...; wrapperStyle?: CSSProperties | undefined; } & ClassAttributes<...> & HTMLAttributes<...> & { ...; }'.
src/components/ui/chart.tsx(182,23): error TS7006: Parameter 'item' implicitly has an 'any' type.
src/components/ui/chart.tsx(182,29): error TS7006: Parameter 'index' implicitly has an 'any' type.
src/components/ui/chart.tsx(260,39): error TS2344: Type '"verticalAlign" | "payload"' does not satisfy the constraint '"string" | "method" | "type" | "filter" | "fill" | "values" | "children" | "lang" | "className" | "path" | "onClick" | "suppressHydrationWarning" | "color" | "height" | "id" | ... 434 more ... | "portal"'.
  Type '"payload"' is not assignable to type '"string" | "method" | "type" | "filter" | "fill" | "values" | "children" | "lang" | "className" | "path" | "onClick" | "suppressHydrationWarning" | "color" | "height" | "id" | ... 434 more ... | "portal"'.
src/components/ui/chart.tsx(266,17): error TS2339: Property 'length' does not exist on type '{}'.
src/components/ui/chart.tsx(278,16): error TS2339: Property 'map' does not exist on type '{}'.
src/components/ui/chart.tsx(278,21): error TS7006: Parameter 'item' implicitly has an 'any' type.
src/components/ui/resizable.tsx(5,37): error TS2307: Cannot find module 'react-resizable-panels' or its corresponding type declarations.
